============================= test session starts =============================

platform win32 -- Python 3.11.14, pytest-9.0.0, pluggy-1.6.0 -- C:\Users\chris\miniconda3\envs\htmrlenv\python.exe

cachedir: .pytest_cache

rootdir: C:\Users\chris\repos\psu-capstone

collecting ... collected 12 items



test/test_example.py::test_pass PASSED                                   [  8%]

test/test_example.py::test_fail FAILED                                   [ 16%]

test/test_input_handler_load_data.py::test_load_data_csv PASSED          [ 25%]

test/test_input_handler_load_data.py::test_load_data_excel_xlsx PASSED   [ 33%]

test/test_input_handler_load_data.py::test_load_data_excel_xls PASSED    [ 41%]

test/test_input_handler_load_data.py::test_load_data_json PASSED         [ 50%]

test/test_input_handler_load_data.py::test_load_data_txt_returns_dataframe_of_lines PASSED [ 58%]

test/test_input_handler_load_data.py::test_load_data_unsupported_extension_raises_value_error PASSED [ 66%]

test/test_input_handler_load_data.py::test_load_data_missing_file_raises PASSED [ 75%]

test/test_input_handler_load_data.py::test_load_data_requires_string_path PASSED [ 83%]

test/test_input_handler_load_data.py::test_input_handler_is_singleton PASSED [ 91%]

test/test_input_handler_load_data.py::test_load_data_sets_internal_data FAILED [100%]



================================== FAILURES ===================================

__________________________________ test_fail __________________________________



    def test_fail():

        """An example test that always fails."""

>       assert False

E       assert False



test\test_example.py:11: AssertionError

______________________ test_load_data_sets_internal_data ______________________



tmp_path = WindowsPath('C:/Users/chris/AppData/Local/Temp/pytest-of-chris/pytest-15/test_load_data_sets_internal_d0')

handler = <psu_capstone.input_layer.input_handler_stub.InputHandler object at 0x0000012378363DD0>



    def test_load_data_sets_internal_data(tmp_path: Path, handler: InputHandler) -> None:

        """Test that load_data sets the internal _data attribute correctly."""

    

        # Arrange

        csv_path = tmp_path / "sample.csv"

        csv_path.write_text("a,b\n1,2\n")

    

        # Act

        df = handler.load_data(str(csv_path))

    

        # Assert

        # get_data returns a new DataFrame copy

        df_copy = handler.get_data()

        assert isinstance(df_copy, pd.DataFrame)

>       assert df_copy.equals(df)

E       assert False

E        +  where False = equals(   a  b\n0  1  2)

E        +    where equals = Empty DataFrame\nColumns: []\nIndex: [].equals



test\test_input_handler_load_data.py:143: AssertionError

=========================== short test summary info ===========================

FAILED test/test_example.py::test_fail - assert False

FAILED test/test_input_handler_load_data.py::test_load_data_sets_internal_data

======================== 2 failed, 10 passed in 0.96s =========================

